Warning: You are sending unauthenticated requests to the HF Hub. Please set a HF_TOKEN to enable higher rate limits and faster downloads.


Traceback (most recent call last):
  File "<frozen runpy>", line 198, in _run_module_as_main
  File "<frozen runpy>", line 88, in _run_code
  File "/kaggle/working/Banking_FInetuning/src/quantize/merge.py", line 36, in <module>
    main()
  File "/kaggle/working/Banking_FInetuning/src/quantize/merge.py", line 29, in main
    model = PeftModel.from_pretrained(model, args.adapter).merge_and_unload()
            ^^^^^^^^^^^^^^^^^^^^^^^^^^^^^^^^^^^^^^^^^^^^^^
  File "/usr/local/lib/python3.12/dist-packages/peft/peft_model.py", line 593, in from_pretrained
    model = MODEL_TYPE_TO_PEFT_MODEL_MAPPING[config.task_type](
            ^^^^^^^^^^^^^^^^^^^^^^^^^^^^^^^^^^^^^^^^^^^^^^^^^^^
  File "/usr/local/lib/python3.12/dist-packages/peft/peft_model.py", line 2082, in __init__
    super().__init__(model, peft_config, adapter_name, **kwargs)
  File "/usr/local/lib/python3.12/dist-packages/peft/peft_model.py", line 177, in __init__
    self.base_model = cls(model, {adapter_name: peft_config}, adapter_name)
                      ^^^^^^^^^^^^^^^^^^^^^^^^^^^^^^^^^^^^^^^^^^^^^^^^^^^^^
  File "/usr/local/lib/python3.12/dist-packages/peft/tuners/tuners_utils.py", line 344, in __init__
    self.inject_adapter(self.model, adapter_name, low_cpu_mem_usage=low_cpu_mem_usage, state_dict=state_dict)
  File "/usr/local/lib/python3.12/dist-packages/peft/tuners/tuners_utils.py", line 978, in inject_adapter
    self._create_and_replace(
  File "/usr/local/lib/python3.12/dist-packages/peft/tuners/lora/model.py", line 389, in _create_and_replace
    new_module = self._create_new_module(lora_config, adapter_name, target, device_map=device_map, **kwargs)
                 ^^^^^^^^^^^^^^^^^^^^^^^^^^^^^^^^^^^^^^^^^^^^^^^^^^^^^^^^^^^^^^^^^^^^^^^^^^^^^^^^^^^^^^^^^^^
  File "/usr/local/lib/python3.12/dist-packages/peft/tuners/lora/model.py", line 552, in _create_new_module
    new_module = dispatcher(target, adapter_name, config=lora_config, **kwargs)
                 ^^^^^^^^^^^^^^^^^^^^^^^^^^^^^^^^^^^^^^^^^^^^^^^^^^^^^^^^^^^^^^
  File "/usr/local/lib/python3.12/dist-packages/peft/tuners/lora/torchao.py", line 160, in dispatch_torchao
    if not is_torchao_available():
           ^^^^^^^^^^^^^^^^^^^^^^
  File "/usr/local/lib/python3.12/dist-packages/peft/import_utils.py", line 162, in is_torchao_available
    raise ImportError(
ImportError: Found an incompatible version of torchao. Found version 0.10.0, but only versions above 0.16.0 are supported

Traceback (most recent call last):
  File "<frozen runpy>", line 198, in _run_module_as_main
  File "<frozen runpy>", line 88, in _run_code
  File "/kaggle/working/Banking_FInetuning/src/quantize/merge.py", line 36, in <module>
    main()
  File "/kaggle/working/Banking_FInetuning/src/quantize/merge.py", line 29, in main
    model = PeftModel.from_pretrained(model, args.adapter).merge_and_unload()
            ^^^^^^^^^^^^^^^^^^^^^^^^^^^^^^^^^^^^^^^^^^^^^^
  File "/usr/local/lib/python3.12/dist-packages/peft/peft_model.py", line 593, in from_pretrained
    model = MODEL_TYPE_TO_PEFT_MODEL_MAPPING[config.task_type](
            ^^^^^^^^^^^^^^^^^^^^^^^^^^^^^^^^^^^^^^^^^^^^^^^^^^^
  File "/usr/local/lib/python3.12/dist-packages/peft/peft_model.py", line 2082, in __init__
    super().__init__(model, peft_config, adapter_name, **kwargs)
  File "/usr/local/lib/python3.12/dist-packages/peft/peft_model.py", line 177, in __init__
    self.base_model = cls(model, {adapter_name: peft_config}, adapter_name)
                      ^^^^^^^^^^^^^^^^^^^^^^^^^^^^^^^^^^^^^^^^^^^^^^^^^^^^^
  File "/usr/local/lib/python3.12/dist-packages/peft/tuners/tuners_utils.py", line 344, in __init__
    self.inject_adapter(self.model, adapter_name, low_cpu_mem_usage=low_cpu_mem_usage, state_dict=state_dict)
  File "/usr/local/lib/python3.12/dist-packages/peft/tuners/tuners_utils.py", line 978, in inject_adapter
    self._create_and_replace(
  File "/usr/local/lib/python3.12/dist-packages/peft/tuners/lora/model.py", line 389, in _create_and_replace
    new_module = self._create_new_module(lora_config, adapter_name, target, device_map=device_map, **kwargs)
                 ^^^^^^^^^^^^^^^^^^^^^^^^^^^^^^^^^^^^^^^^^^^^^^^^^^^^^^^^^^^^^^^^^^^^^^^^^^^^^^^^^^^^^^^^^^^
  File "/usr/local/lib/python3.12/dist-packages/peft/tuners/lora/model.py", line 552, in _create_new_module
    new_module = dispatcher(target, adapter_name, config=lora_config, **kwargs)
                 ^^^^^^^^^^^^^^^^^^^^^^^^^^^^^^^^^^^^^^^^^^^^^^^^^^^^^^^^^^^^^^
  File "/usr/local/lib/python3.12/dist-packages/peft/tuners/lora/torchao.py", line 160, in dispatch_torchao
    if not is_torchao_available():
           ^^^^^^^^^^^^^^^^^^^^^^
  File "/usr/local/lib/python3.12/dist-packages/peft/import_utils.py", line 162, in is_torchao_available
    raise ImportError(
ImportError: Found an incompatible version of torchao. Found version 0.10.0, but only versions above 0.16.0 are supported


Warning: You are sending unauthenticated requests to the HF Hub. Please set a HF_TOKEN to enable higher rate limits and faster downloads.
merged model (Qwen3_5ForConditionalGeneration) -> artifacts/merged-fp16
